# Measurement of Friday 26 March
# Experiment 2 Physics Lab
# Expected points from theory predictions

1   6   0.5
2   12  1.
3   18  1.5
4   24  2.0
5   30  3.7
6   36  4.9
7   42  5.4
8   48  6.8
9   54  7.5
10  60  9.7